
Optional file libmchp_peripheral.a not found

Optional file libmchp_peripheral_32MX220F032B.a not found
Archive member included because of file (symbol)

/Applications/microchip/xc32/v2.50/bin/bin/../../lib/gcc/pic32mx/4.8.3/../../../../pic32mx/lib/libpic32.a(default-on-reset.o)
                              /var/folders/xv/v1flr2693k32qg7v7rslsw_h0000gn/T//ccPiPXOL.o (_on_reset)
/Applications/microchip/xc32/v2.50/bin/bin/../../lib/gcc/pic32mx/4.8.3/../../../../pic32mx/lib/libpic32.a(default-on-bootstrap.o)
                              /var/folders/xv/v1flr2693k32qg7v7rslsw_h0000gn/T//ccPiPXOL.o (_on_bootstrap)
/Applications/microchip/xc32/v2.50/bin/bin/../../lib/gcc/pic32mx/4.8.3/../../../../pic32mx/lib/libpic32.a(default-nmi-handler.o)
                              /var/folders/xv/v1flr2693k32qg7v7rslsw_h0000gn/T//ccPiPXOL.o (_nmi_handler)
/Applications/microchip/xc32/v2.50/bin/bin/../../lib/gcc/pic32mx/4.8.3/../../../../pic32mx/lib/libpic32.a(pic32_data_init.o)
                              /var/folders/xv/v1flr2693k32qg7v7rslsw_h0000gn/T//ccPiPXOL.o (__pic32_data_init)
/Applications/microchip/xc32/v2.50/bin/bin/../../lib/gcc/pic32mx/4.8.3/../../../../pic32mx/lib/libpic32.a(general-exception.o)
                              /var/folders/xv/v1flr2693k32qg7v7rslsw_h0000gn/T//ccPiPXOL.o (_general_exception_context)
/Applications/microchip/xc32/v2.50/bin/bin/../../lib/gcc/pic32mx/4.8.3/../../../../pic32mx/lib/libpic32.a(vector0.o)
                              /var/folders/xv/v1flr2693k32qg7v7rslsw_h0000gn/T//ccNJM4Xj.o (__vector_dispatch_0)
/Applications/microchip/xc32/v2.50/bin/bin/../../lib/gcc/pic32mx/4.8.3/../../../../pic32mx/lib/libpic32.a(vector1.o)
                              /var/folders/xv/v1flr2693k32qg7v7rslsw_h0000gn/T//ccNJM4Xj.o (__vector_dispatch_1)
/Applications/microchip/xc32/v2.50/bin/bin/../../lib/gcc/pic32mx/4.8.3/../../../../pic32mx/lib/libpic32.a(vector2.o)
                              /var/folders/xv/v1flr2693k32qg7v7rslsw_h0000gn/T//ccNJM4Xj.o (__vector_dispatch_2)
/Applications/microchip/xc32/v2.50/bin/bin/../../lib/gcc/pic32mx/4.8.3/../../../../pic32mx/lib/libpic32.a(vector3.o)
                              /var/folders/xv/v1flr2693k32qg7v7rslsw_h0000gn/T//ccNJM4Xj.o (__vector_dispatch_3)
/Applications/microchip/xc32/v2.50/bin/bin/../../lib/gcc/pic32mx/4.8.3/../../../../pic32mx/lib/libpic32.a(vector4.o)
                              /var/folders/xv/v1flr2693k32qg7v7rslsw_h0000gn/T//ccNJM4Xj.o (__vector_dispatch_4)
/Applications/microchip/xc32/v2.50/bin/bin/../../lib/gcc/pic32mx/4.8.3/../../../../pic32mx/lib/libpic32.a(vector5.o)
                              /var/folders/xv/v1flr2693k32qg7v7rslsw_h0000gn/T//ccNJM4Xj.o (__vector_dispatch_5)
/Applications/microchip/xc32/v2.50/bin/bin/../../lib/gcc/pic32mx/4.8.3/../../../../pic32mx/lib/libpic32.a(vector6.o)
                              /var/folders/xv/v1flr2693k32qg7v7rslsw_h0000gn/T//ccNJM4Xj.o (__vector_dispatch_6)
/Applications/microchip/xc32/v2.50/bin/bin/../../lib/gcc/pic32mx/4.8.3/../../../../pic32mx/lib/libpic32.a(vector7.o)
                              /var/folders/xv/v1flr2693k32qg7v7rslsw_h0000gn/T//ccNJM4Xj.o (__vector_dispatch_7)
/Applications/microchip/xc32/v2.50/bin/bin/../../lib/gcc/pic32mx/4.8.3/../../../../pic32mx/lib/libpic32.a(vector8.o)
                              /var/folders/xv/v1flr2693k32qg7v7rslsw_h0000gn/T//ccNJM4Xj.o (__vector_dispatch_8)
/Applications/microchip/xc32/v2.50/bin/bin/../../lib/gcc/pic32mx/4.8.3/../../../../pic32mx/lib/libpic32.a(vector9.o)
                              /var/folders/xv/v1flr2693k32qg7v7rslsw_h0000gn/T//ccNJM4Xj.o (__vector_dispatch_9)
/Applications/microchip/xc32/v2.50/bin/bin/../../lib/gcc/pic32mx/4.8.3/../../../../pic32mx/lib/libpic32.a(vector10.o)
                              /var/folders/xv/v1flr2693k32qg7v7rslsw_h0000gn/T//ccNJM4Xj.o (__vector_dispatch_10)
/Applications/microchip/xc32/v2.50/bin/bin/../../lib/gcc/pic32mx/4.8.3/../../../../pic32mx/lib/libpic32.a(vector11.o)
                              /var/folders/xv/v1flr2693k32qg7v7rslsw_h0000gn/T//ccNJM4Xj.o (__vector_dispatch_11)
/Applications/microchip/xc32/v2.50/bin/bin/../../lib/gcc/pic32mx/4.8.3/../../../../pic32mx/lib/libpic32.a(vector12.o)
                              /var/folders/xv/v1flr2693k32qg7v7rslsw_h0000gn/T//ccNJM4Xj.o (__vector_dispatch_12)
/Applications/microchip/xc32/v2.50/bin/bin/../../lib/gcc/pic32mx/4.8.3/../../../../pic32mx/lib/libpic32.a(vector13.o)
                              /var/folders/xv/v1flr2693k32qg7v7rslsw_h0000gn/T//ccNJM4Xj.o (__vector_dispatch_13)
/Applications/microchip/xc32/v2.50/bin/bin/../../lib/gcc/pic32mx/4.8.3/../../../../pic32mx/lib/libpic32.a(vector14.o)
                              /var/folders/xv/v1flr2693k32qg7v7rslsw_h0000gn/T//ccNJM4Xj.o (__vector_dispatch_14)
/Applications/microchip/xc32/v2.50/bin/bin/../../lib/gcc/pic32mx/4.8.3/../../../../pic32mx/lib/libpic32.a(vector15.o)
[...]
Memory Configuration

Name             Origin             Length             Attributes
exception_mem    0x9d000000         0x00000780
kseg0_program_mem 0x9d000780         0x00007880         xr
debug_exec_mem   0x9fc00490         0x00000760
kseg0_boot_mem   0x9fc00490         0x00000000
kseg1_boot_mem   0xbfc00000         0x00000490
config3          0xbfc00bf0         0x00000004
config2          0xbfc00bf4         0x00000004
config1          0xbfc00bf8         0x00000004
config0          0xbfc00bfc         0x00000004
kseg1_data_mem   0xa0000000         0x00002000         w !x
sfrs             0xbf800000         0x00100000
configsfrs       0xbfc00bf0         0x00000010
*default*        0x00000000         0xffffffff

Linker script and memory map

LOAD /Applications/microchip/xc32/v2.50/bin/bin/../../lib/gcc/pic32mx/4.8.3/../../../../pic32mx/lib/debug-exception-return.o
LOAD build/default/production/_ext/1865657120/plib_uart1.o
LOAD build/default/production/_ext/869808652/drv_usart.o
LOAD build/default/production/_ext/1360937237/main.o
LOAD build/default/production/_ext/1171490990/initialization.o
LOAD build/default/production/_ext/1171490990/interrupts.o
LOAD build/default/production/_ext/1171490990/exceptions.o
LOAD build/default/production/_ext/163028504/xc32_monitor.o
LOAD build/default/production/_ext/60165520/plib_clk.o
LOAD build/default/production/_ext/1865254177/plib_gpio.o
LOAD build/default/production/_ext/1865200349/plib_evic.o
LOAD build/default/production/_ext/1881668453/sys_int.o
LOAD build/default/production/_ext/14461671/sys_dma.o
LOAD build/default/production/_ext/1360937237/app.o
LOAD build/default/production/_ext/1171490990/tasks.o
                0x00000001                __MPLAB_BUILD = 0x1
                0x00000400                PROVIDE (_min_stack_size, 0x400)
START GROUP
LOAD libmchp_peripheral.a
END GROUP
START GROUP
LOAD libmchp_peripheral_32MX220F032B.a
END GROUP
                0x00000001                PROVIDE (_vector_spacing, 0x1)
                0x9d000000                PROVIDE (_ebase_address, 0x9d000000)
                0xbfc00000                _RESET_ADDR = 0xbfc00000
                0xbfc00380                _BEV_EXCPT_ADDR = 0xbfc00380
                0xbfc00480                _DBG_EXCPT_ADDR = 0xbfc00480
                0x9fc00490                _DBG_CODE_ADDR = 0x9fc00490
                0x00000760                _DBG_CODE_SIZE = 0x760
                0x9d000180                _GEN_EXCPT_ADDR = (_ebase_address + 0x180)

.config_BFC00BF0
                0xbfc00bf0        0x4
 *(.config_BFC00BF0)
 .config_BFC00BF0
                0xbfc00bf0        0x4 build/default/production/_ext/1171490990/initialization.o

.config_BFC00BF4
                0xbfc00bf4        0x4
 *(.config_BFC00BF4)
 .config_BFC00BF4
                0xbfc00bf4        0x4 build/default/production/_ext/1171490990/initialization.o

.config_BFC00BF8
                0xbfc00bf8        0x4
 *(.config_BFC00BF8)
 .config_BFC00BF8
                0xbfc00bf8        0x4 build/default/production/_ext/1171490990/initialization.o

.config_BFC00BFC
                0xbfc00bfc        0x4
 *(.config_BFC00BFC)
 .config_BFC00BFC
                0xbfc00bfc        0x4 build/default/production/_ext/1171490990/initialization.o

.reset          0xbfc00000      0x178
 *(.reset)
 .reset         0xbfc00000        0x8 /var/folders/xv/v1flr2693k32qg7v7rslsw_h0000gn/T//ccPiPXOL.o
                0xbfc00000                _reset
 *(.reset.startup)
 .reset.startup
                0xbfc00008      0x170 /var/folders/xv/v1flr2693k32qg7v7rslsw_h0000gn/T//ccPiPXOL.o
                0xbfc00008                _startup

.bev_excpt      0xbfc00380       0x10
 *(.bev_handler)
 .bev_handler   0xbfc00380       0x10 /var/folders/xv/v1flr2693k32qg7v7rslsw_h0000gn/T//ccPiPXOL.o

.dbg_excpt      0xbfc00480        0x0
                0xbfc00480                . = (. + DEFINED (_DEBUGGER)?0x8:0x0)

.dbg_code       0x9fc00490        0x0
                0x9fc00490                . = (. + DEFINED (_DEBUGGER)?_DBG_CODE_SIZE:0x0)

.app_excpt      0x9d000180       0x10
 *(.gen_handler)
 .gen_handler   0x9d000180       0x10 /var/folders/xv/v1flr2693k32qg7v7rslsw_h0000gn/T//ccPiPXOL.o

.vector_0       0x9d000200        0x8
 *(.vector_0)
 .vector_0      0x9d000200        0x8 /Applications/microchip/xc32/v2.50/bin/bin/../../lib/gcc/pic32mx/4.8.3/../../../../pic32mx/lib/libpic32.a(vector0.o)
                0x9d000200                __vector_dispatch_0
                0x00000001                ASSERT (((_vector_spacing == 0x0) || (SIZEOF (.vector_0) <= (_vector_spacing << 0x5))), function at exception vector 0 too large)

.vector_1       0x9d000220        0x8
 *(.vector_1)
 .vector_1      0x9d000220        0x8 /Applications/microchip/xc32/v2.50/bin/bin/../../lib/gcc/pic32mx/4.8.3/../../../../pic32mx/lib/libpic32.a(vector1.o)
                0x9d000220                __vector_dispatch_1
                0x00000001                ASSERT (((_vector_spacing == 0x0) || (SIZEOF (.vector_1) <= (_vector_spacing << 0x5))), function at exception vector 1 too large)

.vector_2       0x9d000240        0x8
 *(.vector_2)
 .vector_2      0x9d000240        0x8 /Applications/microchip/xc32/v2.50/bin/bin/../../lib/gcc/pic32mx/4.8.3/../../../../pic32mx/lib/libpic32.a(vector2.o)
                0x9d000240                __vector_dispatch_2
                0x00000001                ASSERT (((_vector_spacing == 0x0) || (SIZEOF (.vector_2) <= (_vector_spacing << 0x5))), function at exception vector 2 too large)

.vector_3       0x9d000260        0x8
 *(.vector_3)
 .vector_3      0x9d000260        0x8 /Applications/microchip/xc32/v2.50/bin/bin/../../lib/gcc/pic32mx/4.8.3/../../../../pic32mx/lib/libpic32.a(vector3.o)
                0x9d000260                __vector_dispatch_3
                0x00000001                ASSERT (((_vector_spacing == 0x0) || (SIZEOF (.vector_3) <= (_vector_spacing << 0x5))), function at exception vector 3 too large)

.vector_4       0x9d000280        0x8
 *(.vector_4)
 .vector_4      0x9d000280        0x8 /Applications/microchip/xc32/v2.50/bin/bin/../../lib/gcc/pic32mx/4.8.3/../../../../pic32mx/lib/libpic32.a(vector4.o)
                0x9d000280                __vector_dispatch_4
                0x00000001                ASSERT (((_vector_spacing == 0x0) || (SIZEOF (.vector_4) <= (_vector_spacing << 0x5))), function at exception vector 4 too large)

.vector_5       0x9d0002a0        0x8
 *(.vector_5)
 .vector_5      0x9d0002a0        0x8 /Applications/microchip/xc32/v2.50/bin/bin/../../lib/gcc/pic32mx/4.8.3/../../../../pic32mx/lib/libpic32.a(vector5.o)
                0x9d0002a0                __vector_dispatch_5
                0x00000001                ASSERT (((_vector_spacing == 0x0) || (SIZEOF (.vector_5) <= (_vector_spacing << 0x5))), function at exception vector 5 too large)

.vector_6       0x9d0002c0        0x8
 *(.vector_6)
 .vector_6      0x9d0002c0        0x8 /Applications/microchip/xc32/v2.50/bin/bin/../../lib/gcc/pic32mx/4.8.3/../../../../pic32mx/lib/libpic32.a(vector6.o)
                0x9d0002c0                __vector_dispatch_6
                0x00000001                ASSERT (((_vector_spacing == 0x0) || (SIZEOF (.vector_6) <= (_vector_spacing << 0x5))), function at exception vector 6 too large)

.vector_7       0x9d0002e0        0x8
 *(.vector_7)
 .vector_7      0x9d0002e0        0x8 /Applications/microchip/xc32/v2.50/bin/bin/../../lib/gcc/pic32mx/4.8.3/../../../../pic32mx/lib/libpic32.a(vector7.o)
                0x9d0002e0                __vector_dispatch_7
                0x00000001                ASSERT (((_vector_spacing == 0x0) || (SIZEOF (.vector_7) <= (_vector_spacing << 0x5))), function at exception vector 7 too large)

.vector_8       0x9d000300        0x8
 *(.vector_8)
 .vector_8      0x9d000300        0x8 /Applications/microchip/xc32/v2.50/bin/bin/../../lib/gcc/pic32mx/4.8.3/../../../../pic32mx/lib/libpic32.a(vector8.o)
                0x9d000300                __vector_dispatch_8
                0x00000001                ASSERT (((_vector_spacing == 0x0) || (SIZEOF (.vector_8) <= (_vector_spacing << 0x5))), function at exception vector 8 too large)

.vector_9       0x9d000320        0x8
 *(.vector_9)
 .vector_9      0x9d000320        0x8 /Applications/microchip/xc32/v2.50/bin/bin/../../lib/gcc/pic32mx/4.8.3/../../../../pic32mx/lib/libpic32.a(vector9.o)
                0x9d000320                __vector_dispatch_9
                0x00000001                ASSERT (((_vector_spacing == 0x0) || (SIZEOF (.vector_9) <= (_vector_spacing << 0x5))), function at exception vector 9 too large)

.vector_10      0x9d000340        0x8
 *(.vector_10)
 .vector_10     0x9d000340        0x8 /Applications/microchip/xc32/v2.50/bin/bin/../../lib/gcc/pic32mx/4.8.3/../../../../pic32mx/lib/libpic32.a(vector10.o)
                0x9d000340                __vector_dispatch_10
                0x00000001                ASSERT (((_vector_spacing == 0x0) || (SIZEOF (.vector_10) <= (_vector_spacing << 0x5))), function at exception vector 10 too large)

.vector_11      0x9d000360        0x8
 *(.vector_11)
 .vector_11     0x9d000360        0x8 /Applications/microchip/xc32/v2.50/bin/bin/../../lib/gcc/pic32mx/4.8.3/../../../../pic32mx/lib/libpic32.a(vector11.o)
                0x9d000360                __vector_dispatch_11
                0x00000001                ASSERT (((_vector_spacing == 0x0) || (SIZEOF (.vector_11) <= (_vector_spacing << 0x5))), function at exception vector 11 too large)

.vector_12      0x9d000380        0x8
 *(.vector_12)
 .vector_12     0x9d000380        0x8 /Applications/microchip/xc32/v2.50/bin/bin/../../lib/gcc/pic32mx/4.8.3/../../../../pic32mx/lib/libpic32.a(vector12.o)
                0x9d000380                __vector_dispatch_12
                0x00000001                ASSERT (((_vector_spacing == 0x0) || (SIZEOF (.vector_12) <= (_vector_spacing << 0x5))), function at exception vector 12 too large)

.vector_13      0x9d0003a0        0x8
 *(.vector_13)
 .vector_13     0x9d0003a0        0x8 /Applications/microchip/xc32/v2.50/bin/bin/../../lib/gcc/pic32mx/4.8.3/../../../../pic32mx/lib/libpic32.a(vector13.o)
                0x9d0003a0                __vector_dispatch_13
                0x00000001                ASSERT (((_vector_spacing == 0x0) || (SIZEOF (.vector_13) <= (_vector_spacing << 0x5))), function at exception vector 13 too large)

.vector_14      0x9d0003c0        0x8
 *(.vector_14)
 .vector_14     0x9d0003c0        0x8 /Applications/microchip/xc32/v2.50/bin/bin/../../lib/gcc/pic32mx/4.8.3/../../../../pic32mx/lib/libpic32.a(vector14.o)
                0x9d0003c0                __vector_dispatch_14
                0x00000001                ASSERT (((_vector_spacing == 0x0) || (SIZEOF (.vector_14) <= (_vector_spacing << 0x5))), function at exception vector 14 too large)

.vector_15      0x9d0003e0        0x8
 *(.vector_15)
 .vector_15     0x9d0003e0        0x8 /Applications/microchip/xc32/v2.50/bin/bin/../../lib/gcc/pic32mx/4.8.3/../../../../pic32mx/lib/libpic32.a(vector15.o)
                0x9d0003e0                __vector_dispatch_15
                0x00000001                ASSERT (((_vector_spacing == 0x0) || (SIZEOF (.vector_15) <= (_vector_spacing << 0x5))), function at exception vector 15 too large)

.vector_16      0x9d000400        0x8
 *(.vector_16)
 .vector_16     0x9d000400        0x8 /Applications/microchip/xc32/v2.50/bin/bin/../../lib/gcc/pic32mx/4.8.3/../../../../pic32mx/lib/libpic32.a(vector16.o)
                0x9d000400                __vector_dispatch_16
                0x00000001                ASSERT (((_vector_spacing == 0x0) || (SIZEOF (.vector_16) <= (_vector_spacing << 0x5))), function at exception vector 16 too large)

.vector_17      0x9d000420        0x8
 *(.vector_17)
 .vector_17     0x9d000420        0x8 /Applications/microchip/xc32/v2.50/bin/bin/../../lib/gcc/pic32mx/4.8.3/../../../../pic32mx/lib/libpic32.a(vector17.o)
                0x9d000420                __vector_dispatch_17
                0x00000001                ASSERT (((_vector_spacing == 0x0) || (SIZEOF (.vector_17) <= (_vector_spacing << 0x5))), function at exception vector 17 too large)

.vector_18      0x9d000440        0x8
 *(.vector_18)
 .vector_18     0x9d000440        0x8 /Applications/microchip/xc32/v2.50/bin/bin/../../lib/gcc/pic32mx/4.8.3/../../../../pic32mx/lib/libpic32.a(vector18.o)
                0x9d000440                __vector_dispatch_18
                0x00000001                ASSERT (((_vector_spacing == 0x0) || (SIZEOF (.vector_18) <= (_vector_spacing << 0x5))), function at exception vector 18 too large)

.vector_19      0x9d000460        0x8
 *(.vector_19)
 .vector_19     0x9d000460        0x8 /Applications/microchip/xc32/v2.50/bin/bin/../../lib/gcc/pic32mx/4.8.3/../../../../pic32mx/lib/libpic32.a(vector19.o)
                0x9d000460                __vector_dispatch_19
                0x00000001                ASSERT (((_vector_spacing == 0x0) || (SIZEOF (.vector_19) <= (_vector_spacing << 0x5))), function at exception vector 19 too large)

.vector_20      0x9d000480        0x8
 *(.vector_20)
 .vector_20     0x9d000480        0x8 /Applications/microchip/xc32/v2.50/bin/bin/../../lib/gcc/pic32mx/4.8.3/../../../../pic32mx/lib/libpic32.a(vector20.o)
                0x9d000480                __vector_dispatch_20
                0x00000001                ASSERT (((_vector_spacing == 0x0) || (SIZEOF (.vector_20) <= (_vector_spacing << 0x5))), function at exception vector 20 too large)

.vector_21      0x9d0004a0        0x8
 *(.vector_21)
 .vector_21     0x9d0004a0        0x8 /Applications/microchip/xc32/v2.50/bin/bin/../../lib/gcc/pic32mx/4.8.3/../../../../pic32mx/lib/libpic32.a(vector21.o)
                0x9d0004a0                __vector_dispatch_21
                0x00000001                ASSERT (((_vector_spacing == 0x0) || (SIZEOF (.vector_21) <= (_vector_spacing << 0x5))), function at exception vector 21 too large)

.vector_22      0x9d0004c0        0x8
 *(.vector_22)
 .vector_22     0x9d0004c0        0x8 /Applications/microchip/xc32/v2.50/bin/bin/../../lib/gcc/pic32mx/4.8.3/../../../../pic32mx/lib/libpic32.a(vector22.o)
                0x9d0004c0                __vector_dispatch_22
                0x00000001                ASSERT (((_vector_spacing == 0x0) || (SIZEOF (.vector_22) <= (_vector_spacing << 0x5))), function at exception vector 22 too large)

.vector_23      0x9d0004e0        0x8
 *(.vector_23)
 .vector_23     0x9d0004e0        0x8 /Applications/microchip/xc32/v2.50/bin/bin/../../lib/gcc/pic32mx/4.8.3/../../../../pic32mx/lib/libpic32.a(vector23.o)
                0x9d0004e0                __vector_dispatch_23
                0x00000001                ASSERT (((_vector_spacing == 0x0) || (SIZEOF (.vector_23) <= (_vector_spacing << 0x5))), function at exception vector 23 too large)

.vector_24      0x9d000500        0x8
 *(.vector_24)
 .vector_24     0x9d000500        0x8 /Applications/microchip/xc32/v2.50/bin/bin/../../lib/gcc/pic32mx/4.8.3/../../../../pic32mx/lib/libpic32.a(vector24.o)
                0x9d000500                __vector_dispatch_24
                0x00000001                ASSERT (((_vector_spacing == 0x0) || (SIZEOF (.vector_24) <= (_vector_spacing << 0x5))), function at exception vector 24 too large)

.vector_25      0x9d000520        0x8
 *(.vector_25)
 .vector_25     0x9d000520        0x8 /Applications/microchip/xc32/v2.50/bin/bin/../../lib/gcc/pic32mx/4.8.3/../../../../pic32mx/lib/libpic32.a(vector25.o)
                0x9d000520                __vector_dispatch_25
                0x00000001                ASSERT (((_vector_spacing == 0x0) || (SIZEOF (.vector_25) <= (_vector_spacing << 0x5))), function at exception vector 25 too large)

.vector_26      0x9d000540        0x8
 *(.vector_26)
 .vector_26     0x9d000540        0x8 /Applications/microchip/xc32/v2.50/bin/bin/../../lib/gcc/pic32mx/4.8.3/../../../../pic32mx/lib/libpic32.a(vector26.o)
                0x9d000540                __vector_dispatch_26
                0x00000001                ASSERT (((_vector_spacing == 0x0) || (SIZEOF (.vector_26) <= (_vector_spacing << 0x5))), function at exception vector 26 too large)

.vector_27      0x9d000560        0x8
 *(.vector_27)
 .vector_27     0x9d000560        0x8 /Applications/microchip/xc32/v2.50/bin/bin/../../lib/gcc/pic32mx/4.8.3/../../../../pic32mx/lib/libpic32.a(vector27.o)
                0x9d000560                __vector_dispatch_27
                0x00000001                ASSERT (((_vector_spacing == 0x0) || (SIZEOF (.vector_27) <= (_vector_spacing << 0x5))), function at exception vector 27 too large)

.vector_28      0x9d000580        0x8
 *(.vector_28)
 .vector_28     0x9d000580        0x8 /Applications/microchip/xc32/v2.50/bin/bin/../../lib/gcc/pic32mx/4.8.3/../../../../pic32mx/lib/libpic32.a(vector28.o)
                0x9d000580                __vector_dispatch_28
                0x00000001                ASSERT (((_vector_spacing == 0x0) || (SIZEOF (.vector_28) <= (_vector_spacing << 0x5))), function at exception vector 28 too large)

.vector_29      0x9d0005a0        0x8
 *(.vector_29)
 .vector_29     0x9d0005a0        0x8 /Applications/microchip/xc32/v2.50/bin/bin/../../lib/gcc/pic32mx/4.8.3/../../../../pic32mx/lib/libpic32.a(vector29.o)
                0x9d0005a0                __vector_dispatch_29
                0x00000001                ASSERT (((_vector_spacing == 0x0) || (SIZEOF (.vector_29) <= (_vector_spacing << 0x5))), function at exception vector 29 too large)

.vector_30      0x9d0005c0        0x8
 *(.vector_30)
 .vector_30     0x9d0005c0        0x8 /Applications/microchip/xc32/v2.50/bin/bin/../../lib/gcc/pic32mx/4.8.3/../../../../pic32mx/lib/libpic32.a(vector30.o)
                0x9d0005c0                __vector_dispatch_30
                0x00000001                ASSERT (((_vector_spacing == 0x0) || (SIZEOF (.vector_30) <= (_vector_spacing << 0x5))), function at exception vector 30 too large)

.vector_31      0x9d0005e0        0x8
 *(.vector_31)
 .vector_31     0x9d0005e0        0x8 /Applications/microchip/xc32/v2.50/bin/bin/../../lib/gcc/pic32mx/4.8.3/../../../../pic32mx/lib/libpic32.a(vector31.o)
                0x9d0005e0                __vector_dispatch_31
                0x00000001                ASSERT (((_vector_spacing == 0x0) || (SIZEOF (.vector_31) <= (_vector_spacing << 0x5))), function at exception vector 31 too large)

.vector_32      0x9d000600        0x8
 *(.vector_32)
 .vector_32     0x9d000600        0x8 build/default/production/_ext/1171490990/interrupts.o
                0x9d000600                __vector_dispatch_32
                0x00000001                ASSERT (((_vector_spacing == 0x0) || (SIZEOF (.vector_32) <= (_vector_spacing << 0x5))), function at exception vector 32 too large)

.vector_33      0x9d000620        0x8
 *(.vector_33)
 .vector_33     0x9d000620        0x8 /Applications/microchip/xc32/v2.50/bin/bin/../../lib/gcc/pic32mx/4.8.3/../../../../pic32mx/lib/libpic32.a(vector33.o)
                0x9d000620                __vector_dispatch_33
                0x00000001                ASSERT (((_vector_spacing == 0x0) || (SIZEOF (.vector_33) <= (_vector_spacing << 0x5))), function at exception vector 33 too large)

.vector_34      0x9d000640        0x8
 *(.vector_34)
 .vector_34     0x9d000640        0x8 /Applications/microchip/xc32/v2.50/bin/bin/../../lib/gcc/pic32mx/4.8.3/../../../../pic32mx/lib/libpic32.a(vector34.o)
                0x9d000640                __vector_dispatch_34
                0x00000001                ASSERT (((_vector_spacing == 0x0) || (SIZEOF (.vector_34) <= (_vector_spacing << 0x5))), function at exception vector 34 too large)

.vector_35      0x9d000660        0x8
 *(.vector_35)
 .vector_35     0x9d000660        0x8 /Applications/microchip/xc32/v2.50/bin/bin/../../lib/gcc/pic32mx/4.8.3/../../../../pic32mx/lib/libpic32.a(vector35.o)
                0x9d000660                __vector_dispatch_35
                0x00000001                ASSERT (((_vector_spacing == 0x0) || (SIZEOF (.vector_35) <= (_vector_spacing << 0x5))), function at exception vector 35 too large)

.vector_36      0x9d000680        0x8
 *(.vector_36)
 .vector_36     0x9d000680        0x8 /Applications/microchip/xc32/v2.50/bin/bin/../../lib/gcc/pic32mx/4.8.3/../../../../pic32mx/lib/libpic32.a(vector36.o)
                0x9d000680                __vector_dispatch_36
                0x00000001                ASSERT (((_vector_spacing == 0x0) || (SIZEOF (.vector_36) <= (_vector_spacing << 0x5))), function at exception vector 36 too large)

.vector_37      0x9d0006a0        0x8
 *(.vector_37)
 .vector_37     0x9d0006a0        0x8 /Applications/microchip/xc32/v2.50/bin/bin/../../lib/gcc/pic32mx/4.8.3/../../../../pic32mx/lib/libpic32.a(vector37.o)
                0x9d0006a0                __vector_dispatch_37
                0x00000001                ASSERT (((_vector_spacing == 0x0) || (SIZEOF (.vector_37) <= (_vector_spacing << 0x5))), function at exception vector 37 too large)

.vector_38      0x9d0006c0        0x8
 *(.vector_38)
 .vector_38     0x9d0006c0        0x8 /Applications/microchip/xc32/v2.50/bin/bin/../../lib/gcc/pic32mx/4.8.3/../../../../pic32mx/lib/libpic32.a(vector38.o)
                0x9d0006c0                __vector_dispatch_38
                0x00000001                ASSERT (((_vector_spacing == 0x0) || (SIZEOF (.vector_38) <= (_vector_spacing << 0x5))), function at exception vector 38 too large)

.vector_39      0x9d0006e0        0x8
 *(.vector_39)
 .vector_39     0x9d0006e0        0x8 /Applications/microchip/xc32/v2.50/bin/bin/../../lib/gcc/pic32mx/4.8.3/../../../../pic32mx/lib/libpic32.a(vector39.o)
                0x9d0006e0                __vector_dispatch_39
                0x00000001                ASSERT (((_vector_spacing == 0x0) || (SIZEOF (.vector_39) <= (_vector_spacing << 0x5))), function at exception vector 39 too large)

.vector_40      0x9d000700        0x8
 *(.vector_40)
 .vector_40     0x9d000700        0x8 /Applications/microchip/xc32/v2.50/bin/bin/../../lib/gcc/pic32mx/4.8.3/../../../../pic32mx/lib/libpic32.a(vector40.o)
                0x9d000700                __vector_dispatch_40
                0x00000001                ASSERT (((_vector_spacing == 0x0) || (SIZEOF (.vector_40) <= (_vector_spacing << 0x5))), function at exception vector 40 too large)

.vector_41      0x9d000720        0x8
 *(.vector_41)
 .vector_41     0x9d000720        0x8 /Applications/microchip/xc32/v2.50/bin/bin/../../lib/gcc/pic32mx/4.8.3/../../../../pic32mx/lib/libpic32.a(vector41.o)
                0x9d000720                __vector_dispatch_41
                0x00000001                ASSERT (((_vector_spacing == 0x0) || (SIZEOF (.vector_41) <= (_vector_spacing << 0x5))), function at exception vector 41 too large)

.vector_42      0x9d000740        0x8
 *(.vector_42)
 .vector_42     0x9d000740        0x8 /Applications/microchip/xc32/v2.50/bin/bin/../../lib/gcc/pic32mx/4.8.3/../../../../pic32mx/lib/libpic32.a(vector42.o)
                0x9d000740                __vector_dispatch_42
                0x00000001                ASSERT (((_vector_spacing == 0x0) || (SIZEOF (.vector_42) <= (_vector_spacing << 0x5))), function at exception vector 42 too large)

.vector_43      0x9d000760        0x8
 *(.vector_43)
 .vector_43     0x9d000760        0x8 /Applications/microchip/xc32/v2.50/bin/bin/../../lib/gcc/pic32mx/4.8.3/../../../../pic32mx/lib/libpic32.a(vector43.o)
                0x9d000760                __vector_dispatch_43
                0x00000001                ASSERT (((_vector_spacing == 0x0) || (SIZEOF (.vector_43) <= (_vector_spacing << 0x5))), function at exception vector 43 too large)

.startup
 *(.startup)

.text           0x9d000780        0x0
 *(.stub .gnu.linkonce.t.*)
 *(.text.*personality*)
 *(.mips16.fn.*)
 *(.mips16.call.*)
 *(.gnu.warning)
                0x9d000780                . = ALIGN (0x4)

.init           0x9d000780        0x0
 *crti.o(.init)
 *crtbegin.o(.init)
 *(EXCLUDE_FILE(*crtn.o *crtend?.o *crtend.o) .init)
 *crtend.o(.init)
 *crtn.o(.init)
                0x9d000780                . = ALIGN (0x4)

.fini           0x9d000780        0x0
 *(.fini)
                0x9d000780                . = ALIGN (0x4)

.preinit_array  0x9d000780        0x0
                0x9d000780                PROVIDE (__preinit_array_start, .)
 *(.preinit_array)
                0x9d000780                PROVIDE (__preinit_array_end, .)
                0x9d000780                . = ALIGN (0x4)

.init_array     0x9d000780        0x0
                0x9d000780                PROVIDE (__init_array_start, .)
 *(SORT(.init_array.*))
 *(.init_array)
                0x9d000780                PROVIDE (__init_array_end, .)
                0x9d000780                . = ALIGN (0x4)

.fini_array     0x9d000780        0x0
                0x9d000780                PROVIDE (__fini_array_start, .)
 *(SORT(.fini_array.*))
 *(.fini_array)
                0x9d000780                PROVIDE (__fini_array_end, .)
                0x9d000780                . = ALIGN (0x4)

.ctors          0x9d000780        0x0
 *crtbegin.o(.ctors)
 *crtbegin?.o(.ctors)
 *(EXCLUDE_FILE(*crtend?.o *crtend.o) .ctors)
 *(SORT(.ctors.*))
 *(.ctors)
                0x9d000780                . = ALIGN (0x4)

.dtors          0x9d000780        0x0
 *crtbegin.o(.dtors)
 *crtbegin?.o(.dtors)
 *(EXCLUDE_FILE(*crtend?.o *crtend.o) .dtors)
 *(SORT(.dtors.*))
 *(.dtors)
                0x9d000780                . = ALIGN (0x4)

.rodata         0x9d000780        0x0
 *(.gnu.linkonce.r.*)
 *(.rodata1)
                0x9d000780                . = ALIGN (0x4)

.sdata2         0x9fc00490        0x0
 *(.sdata2 .sdata2.* .gnu.linkonce.s2.*)
                0x9fc00490                . = ALIGN (0x4)

.sbss2          0x9fc00490        0x0
 *(.sbss2 .sbss2.* .gnu.linkonce.sb2.*)
                0x9fc00490                . = ALIGN (0x4)

.eh_frame_hdr
 *(.eh_frame_hdr)
                0x9fc00490                . = ALIGN (0x4)

.eh_frame
 *(.eh_frame)
                0x9fc00490                . = ALIGN (0x4)

.gcc_except_table
 *(.gcc_except_table .gcc_except_table.*)
                0x9fc00490                . = ALIGN (0x4)

.dbg_data       0xa0000000        0x0
                0xa0000000                . = (. + DEFINED (_DEBUGGER)?0x200:0x0)

.jcr            0xa0000000        0x0
 *(.jcr)
                0xa0000000                . = ALIGN (0x4)

.eh_frame
 *(.eh_frame)
                0xa0000000                . = ALIGN (0x4)

.gcc_except_table
 *(.gcc_except_table .gcc_except_table.*)
                0xa0000000                . = ALIGN (0x4)

.persist        0xa0000000        0x0
                0xa0000000                _persist_begin = .
 *(.persist .persist.*)
                0xa0000000                . = ALIGN (0x4)
                0xa0000000                _persist_end = .

.data           0xa0000000        0x0
 *(.gnu.linkonce.d.*)
 *(.data1)
                0xa0000000                . = ALIGN (0x4)
                0xa0000000                . = .
                0xa0007ff0                _gp = (ALIGN (0x10) + 0x7ff0)

.got            0xa0000000        0x0
 *(.got.plt)
 *(.got)
                0xa0000000                . = ALIGN (0x4)

.sdata          0xa0000000        0x0
                0xa0000000                _sdata_begin = .
 *(.sdata .sdata.* .gnu.linkonce.s.*)
                0xa0000000                . = ALIGN (0x4)
                0xa0000000                _sdata_end = .

.lit8
 *(.lit8)

.lit4
 *(.lit4)
                0xa0000000                . = ALIGN (0x4)
                0xa0000000                _data_end = .
                0xa0000000                _bss_begin = .

.sbss           0xa0000000        0xc
                0xa0000000                _sbss_begin = .
 *(.dynsbss)
 *(.sbss .sbss.* .gnu.linkonce.sb.*)
 .sbss          0xa0000000        0x8 build/default/production/_ext/1171490990/exceptions.o
 *(.scommon)
 .scommon       0xa0000008        0x4 build/default/production/_ext/1171490990/initialization.o
                0xa0000008                sysObj
                0xa000000c                _sbss_end = .
                0xa000000c                . = ALIGN (0x4)

.bss            0xa000000c       0x40
 *(.dynbss)
 *(COMMON)
 COMMON         0xa000000c       0x30 build/default/production/_ext/1865657120/plib_uart1.o
                0xa000000c                uart1Obj
 COMMON         0xa000003c       0x10 build/default/production/_ext/1360937237/app.o
                0xa000003c                appData
                0xa000004c                . = ALIGN ((. != 0x0)?0x4:0x1)
                0xa000004c                . = ALIGN (0x4)
                0xa000004c                _end = .
                0xa000004c                _bss_end = .
                0x00002000                _bmxdudba_address = 0x2000
                0x00002000                _bmxdupba_address = 0x2000

/DISCARD/
 *(.pdr)
 *(.rel.dyn)
 *(.note.GNU-stack)
 *(.note.GNU-stack)
 *(.gnu_debuglink)
 *(.gnu.lto_*)
 *(.discard)

.gptab.sdata
 *(.gptab.data)
 *(.gptab.sdata)

.gptab.sbss
 *(.gptab.bss)
 *(.gptab.sbss)

.mdebug.abi32   0x00000000        0x0
 *(.mdebug.abi32)
 .mdebug.abi32  0x00000000        0x0 build/default/production/_ext/1865657120/plib_uart1.o
 .mdebug.abi32  0x00000000        0x0 build/default/production/_ext/869808652/drv_usart.o
 .mdebug.abi32  0x00000000        0x0 build/default/production/_ext/1360937237/main.o
 .mdebug.abi32  0x00000000        0x0 build/default/production/_ext/1171490990/initialization.o
 .mdebug.abi32  0x00000000        0x0 build/default/production/_ext/1171490990/interrupts.o
 .mdebug.abi32  0x00000000        0x0 build/default/production/_ext/1171490990/exceptions.o
 .mdebug.abi32  0x00000000        0x0 build/default/production/_ext/163028504/xc32_monitor.o
 .mdebug.abi32  0x00000000        0x0 build/default/production/_ext/60165520/plib_clk.o
 .mdebug.abi32  0x00000000        0x0 build/default/production/_ext/1865254177/plib_gpio.o
 .mdebug.abi32  0x00000000        0x0 build/default/production/_ext/1865200349/plib_evic.o
 .mdebug.abi32  0x00000000        0x0 build/default/production/_ext/1881668453/sys_int.o
 .mdebug.abi32  0x00000000        0x0 build/default/production/_ext/14461671/sys_dma.o
 .mdebug.abi32  0x00000000        0x0 build/default/production/_ext/1360937237/app.o
 .mdebug.abi32  0x00000000        0x0 build/default/production/_ext/1171490990/tasks.o
 .mdebug.abi32  0x00000000        0x0 /Applications/microchip/xc32/v2.50/bin/bin/../../lib/gcc/pic32mx/4.8.3/../../../../pic32mx/lib/libpic32.a(default-on-reset.o)
 .mdebug.abi32  0x00000000        0x0 /Applications/microchip/xc32/v2.50/bin/bin/../../lib/gcc/pic32mx/4.8.3/../../../../pic32mx/lib/libpic32.a(default-on-bootstrap.o)
 .mdebug.abi32  0x00000000        0x0 /Applications/microchip/xc32/v2.50/bin/bin/../../lib/gcc/pic32mx/4.8.3/../../../../pic32mx/lib/libpic32.a(defaultinterrupt.o)

.mdebug.abiN32
 *(.mdebug.abiN32)

.mdebug.abi64
 *(.mdebug.abi64)

.mdebug.abiO64
 *(.mdebug.abiO64)

.mdebug.eabi32
 *(.mdebug.eabi32)

.mdebug.eabi64
 *(.mdebug.eabi64)

.gcc_compiled_long32
 *(.gcc_compiled_long32)

.gcc_compiled_long64
 *(.gcc_compiled_long64)

.stab
 *(.stab)

.stabstr
 *(.stabstr)

.stab.excl
 *(.stab.excl)

.stab.exclstr
 *(.stab.exclstr)

.stab.index
 *(.stab.index)

.stab.indexstr
 *(.stab.indexstr)

.comment        0x00000000       0x3c
 *(.comment)
 .comment       0x00000000       0x3c build/default/production/_ext/1865657120/plib_uart1.o
                                 0x3d (size before relaxing)
 .comment       0x00000000       0x3d build/default/production/_ext/869808652/drv_usart.o
 .comment       0x00000000       0x3d build/default/production/_ext/1360937237/main.o
 .comment       0x00000000       0x3d build/default/production/_ext/1171490990/initialization.o
 .comment       0x00000000       0x3d build/default/production/_ext/1171490990/interrupts.o
 .comment       0x00000000       0x3d build/default/production/_ext/1171490990/exceptions.o
 .comment       0x00000000       0x3d build/default/production/_ext/163028504/xc32_monitor.o
 .comment       0x00000000       0x3d build/default/production/_ext/60165520/plib_clk.o
 .comment       0x00000000       0x3d build/default/production/_ext/1865254177/plib_gpio.o
 .comment       0x00000000       0x3d build/default/production/_ext/1865200349/plib_evic.o
 .comment       0x00000000       0x3d build/default/production/_ext/1881668453/sys_int.o
 .comment       0x00000000       0x3d build/default/production/_ext/14461671/sys_dma.o
 .comment       0x00000000       0x3d build/default/production/_ext/1360937237/app.o
 .comment       0x00000000       0x3d build/default/production/_ext/1171490990/tasks.o
 .comment       0x00000000       0x3d /Applications/microchip/xc32/v2.50/bin/bin/../../lib/gcc/pic32mx/4.8.3/../../../../pic32mx/lib/libpic32.a(default-on-reset.o)
 .comment       0x00000000       0x3d /Applications/microchip/xc32/v2.50/bin/bin/../../lib/gcc/pic32mx/4.8.3/../../../../pic32mx/lib/libpic32.a(default-on-bootstrap.o)
 .comment       0x00000000       0x3d /Applications/microchip/xc32/v2.50/bin/bin/../../lib/gcc/pic32mx/4.8.3/../../../../pic32mx/lib/libpic32.a(defaultinterrupt.o)

.debug
 *.elf(.debug)
 *(.debug)

.line
 *.elf(.line)
 *(.line)

.debug_srcinfo
 *.elf(.debug_srcinfo)
 *(.debug_srcinfo)

.debug_sfnames
 *.elf(.debug_sfnames)
 *(.debug_sfnames)

.debug_aranges  0x00000000      0x420
 *.elf(.debug_aranges)
 *(.debug_aranges)
 .debug_aranges
                0x00000000       0x80 build/default/production/_ext/1865657120/plib_uart1.o
 .debug_aranges
                0x00000080      0x100 build/default/production/_ext/869808652/drv_usart.o
 .debug_aranges
                0x00000180       0x20 build/default/production/_ext/1360937237/main.o
 .debug_aranges
                0x000001a0       0x20 build/default/production/_ext/1171490990/initialization.o
 .debug_aranges
                0x000001c0       0x20 build/default/production/_ext/1171490990/interrupts.o
 .debug_aranges
                0x000001e0       0x28 build/default/production/_ext/1171490990/exceptions.o
 .debug_aranges
                0x00000208       0x28 build/default/production/_ext/163028504/xc32_monitor.o
 .debug_aranges
                0x00000230       0x20 build/default/production/_ext/60165520/plib_clk.o
 .debug_aranges
                0x00000250       0x60 build/default/production/_ext/1865254177/plib_gpio.o
 .debug_aranges
                0x000002b0       0x50 build/default/production/_ext/1865200349/plib_evic.o
 .debug_aranges
                0x00000300       0x40 build/default/production/_ext/1881668453/sys_int.o
 .debug_aranges
                0x00000340       0x30 build/default/production/_ext/14461671/sys_dma.o
 .debug_aranges
                0x00000370       0x30 build/default/production/_ext/1360937237/app.o
 .debug_aranges
                0x000003a0       0x20 build/default/production/_ext/1171490990/tasks.o
 .debug_aranges
                0x000003c0       0x20 /Applications/microchip/xc32/v2.50/bin/bin/../../lib/gcc/pic32mx/4.8.3/../../../../pic32mx/lib/libpic32.a(default-on-reset.o)
 .debug_aranges
                0x000003e0       0x20 /Applications/microchip/xc32/v2.50/bin/bin/../../lib/gcc/pic32mx/4.8.3/../../../../pic32mx/lib/libpic32.a(default-on-bootstrap.o)
 .debug_aranges
                0x00000400       0x20 /Applications/microchip/xc32/v2.50/bin/bin/../../lib/gcc/pic32mx/4.8.3/../../../../pic32mx/lib/libpic32.a(defaultinterrupt.o)

.debug_pubnames
 *.elf(.debug_pubnames)
 *(.debug_pubnames)

.debug_info     0x00000000     0x8ba2
 *.elf(.debug_info .gnu.linkonce.wi.*)
 *(.debug_info .gnu.linkonce.wi.*)
 .debug_info    0x00000000      0xab9 build/default/production/_ext/1865657120/plib_uart1.o
 .debug_info    0x00000ab9     0x384c build/default/production/_ext/869808652/drv_usart.o
 .debug_info    0x00004305      0x1c1 build/default/production/_ext/1360937237/main.o
 .debug_info    0x000044c6     0x14eb build/default/production/_ext/1171490990/initialization.o
 .debug_info    0x000059b1      0x1b6 build/default/production/_ext/1171490990/interrupts.o
 .debug_info    0x00005b67      0x2be build/default/production/_ext/1171490990/exceptions.o
 .debug_info    0x00005e25      0x11e build/default/production/_ext/163028504/xc32_monitor.o
 .debug_info    0x00005f43      0x1ff build/default/production/_ext/60165520/plib_clk.o
 .debug_info    0x00006142      0x542 build/default/production/_ext/1865254177/plib_gpio.o
 .debug_info    0x00006684      0xa43 build/default/production/_ext/1865200349/plib_evic.o
 .debug_info    0x000070c7      0x9e5 build/default/production/_ext/1881668453/sys_int.o
 .debug_info    0x00007aac      0x504 build/default/production/_ext/14461671/sys_dma.o
 .debug_info    0x00007fb0      0x7cb build/default/production/_ext/1360937237/app.o
 .debug_info    0x0000877b      0x19e build/default/production/_ext/1171490990/tasks.o
 .debug_info    0x00008919       0xcd /Applications/microchip/xc32/v2.50/bin/bin/../../lib/gcc/pic32mx/4.8.3/../../../../pic32mx/lib/libpic32.a(default-on-reset.o)
 .debug_info    0x000089e6       0xd5 /Applications/microchip/xc32/v2.50/bin/bin/../../lib/gcc/pic32mx/4.8.3/../../../../pic32mx/lib/libpic32.a(default-on-bootstrap.o)
 .debug_info    0x00008abb       0xe7 /Applications/microchip/xc32/v2.50/bin/bin/../../lib/gcc/pic32mx/4.8.3/../../../../pic32mx/lib/libpic32.a(defaultinterrupt.o)

.debug_abbrev   0x00000000     0x1197
 *.elf(.debug_abbrev)
 *(.debug_abbrev)
 .debug_abbrev  0x00000000      0x23b build/default/production/_ext/1865657120/plib_uart1.o
 .debug_abbrev  0x0000023b      0x4cf build/default/production/_ext/869808652/drv_usart.o
 .debug_abbrev  0x0000070a       0x93 build/default/production/_ext/1360937237/main.o
 .debug_abbrev  0x0000079d      0x243 build/default/production/_ext/1171490990/initialization.o
 .debug_abbrev  0x000009e0       0x57 build/default/production/_ext/1171490990/interrupts.o
 .debug_abbrev  0x00000a37       0x6b build/default/production/_ext/1171490990/exceptions.o
 .debug_abbrev  0x00000aa2       0x66 build/default/production/_ext/163028504/xc32_monitor.o
 .debug_abbrev  0x00000b08       0x5e build/default/production/_ext/60165520/plib_clk.o
 .debug_abbrev  0x00000b66      0x11a build/default/production/_ext/1865254177/plib_gpio.o
 .debug_abbrev  0x00000c80       0xef build/default/production/_ext/1865200349/plib_evic.o
 .debug_abbrev  0x00000d6f      0x123 build/default/production/_ext/1881668453/sys_int.o
 .debug_abbrev  0x00000e92       0xa6 build/default/production/_ext/14461671/sys_dma.o
 .debug_abbrev  0x00000f38      0x190 build/default/production/_ext/1360937237/app.o
 .debug_abbrev  0x000010c8       0x57 build/default/production/_ext/1171490990/tasks.o
 .debug_abbrev  0x0000111f       0x28 /Applications/microchip/xc32/v2.50/bin/bin/../../lib/gcc/pic32mx/4.8.3/../../../../pic32mx/lib/libpic32.a(default-on-reset.o)
 .debug_abbrev  0x00001147       0x28 /Applications/microchip/xc32/v2.50/bin/bin/../../lib/gcc/pic32mx/4.8.3/../../../../pic32mx/lib/libpic32.a(default-on-bootstrap.o)
 .debug_abbrev  0x0000116f       0x28 /Applications/microchip/xc32/v2.50/bin/bin/../../lib/gcc/pic32mx/4.8.3/../../../../pic32mx/lib/libpic32.a(defaultinterrupt.o)

.debug_line     0x00000000     0x1ff7
 *.elf(.debug_line)
 *(.debug_line)
 .debug_line    0x00000000      0x327 build/default/production/_ext/1865657120/plib_uart1.o
 .debug_line    0x00000327      0x85c build/default/production/_ext/869808652/drv_usart.o
 .debug_line    0x00000b83       0xc6 build/default/production/_ext/1360937237/main.o
 .debug_line    0x00000c49      0x56f build/default/production/_ext/1171490990/initialization.o
 .debug_line    0x000011b8       0x89 build/default/production/_ext/1171490990/interrupts.o
 .debug_line    0x00001241       0x97 build/default/production/_ext/1171490990/exceptions.o
 .debug_line    0x000012d8       0x9a build/default/production/_ext/163028504/xc32_monitor.o
 .debug_line    0x00001372      0x149 build/default/production/_ext/60165520/plib_clk.o
 .debug_line    0x000014bb      0x1e8 build/default/production/_ext/1865254177/plib_gpio.o
 .debug_line    0x000016a3      0x1c8 build/default/production/_ext/1865200349/plib_evic.o
 .debug_line    0x0000186b      0x18e build/default/production/_ext/1881668453/sys_int.o
 .debug_line    0x000019f9       0xf8 build/default/production/_ext/14461671/sys_dma.o
 .debug_line    0x00001af1      0x275 build/default/production/_ext/1360937237/app.o
 .debug_line    0x00001d66       0xc2 build/default/production/_ext/1171490990/tasks.o
 .debug_line    0x00001e28       0x93 /Applications/microchip/xc32/v2.50/bin/bin/../../lib/gcc/pic32mx/4.8.3/../../../../pic32mx/lib/libpic32.a(default-on-reset.o)
 .debug_line    0x00001ebb       0x97 /Applications/microchip/xc32/v2.50/bin/bin/../../lib/gcc/pic32mx/4.8.3/../../../../pic32mx/lib/libpic32.a(default-on-bootstrap.o)
 .debug_line    0x00001f52       0xa5 /Applications/microchip/xc32/v2.50/bin/bin/../../lib/gcc/pic32mx/4.8.3/../../../../pic32mx/lib/libpic32.a(defaultinterrupt.o)

.debug_frame    0x00000000      0x860
 *.elf(.debug_frame)
 *(.debug_frame)
 .debug_frame   0x00000000       0xfc build/default/production/_ext/1865657120/plib_uart1.o
 .debug_frame   0x000000fc      0x34c build/default/production/_ext/869808652/drv_usart.o
 .debug_frame   0x00000448       0x28 build/default/production/_ext/1360937237/main.o
 .debug_frame   0x00000470       0x2c build/default/production/_ext/1171490990/initialization.o
 .debug_frame   0x0000049c       0x58 build/default/production/_ext/1171490990/interrupts.o
 .debug_frame   0x000004f4       0x40 build/default/production/_ext/1171490990/exceptions.o
 .debug_frame   0x00000534       0x30 build/default/production/_ext/163028504/xc32_monitor.o
 .debug_frame   0x00000564       0x20 build/default/production/_ext/60165520/plib_clk.o
 .debug_frame   0x00000584       0xa0 build/default/production/_ext/1865254177/plib_gpio.o
 .debug_frame   0x00000624       0x80 build/default/production/_ext/1865200349/plib_evic.o
 .debug_frame   0x000006a4       0xa0 build/default/production/_ext/1881668453/sys_int.o
 .debug_frame   0x00000744       0x40 build/default/production/_ext/14461671/sys_dma.o
 .debug_frame   0x00000784       0x50 build/default/production/_ext/1360937237/app.o
 .debug_frame   0x000007d4       0x2c build/default/production/_ext/1171490990/tasks.o
 .debug_frame   0x00000800       0x20 /Applications/microchip/xc32/v2.50/bin/bin/../../lib/gcc/pic32mx/4.8.3/../../../../pic32mx/lib/libpic32.a(default-on-reset.o)
 .debug_frame   0x00000820       0x20 /Applications/microchip/xc32/v2.50/bin/bin/../../lib/gcc/pic32mx/4.8.3/../../../../pic32mx/lib/libpic32.a(default-on-bootstrap.o)
 .debug_frame   0x00000840       0x20 /Applications/microchip/xc32/v2.50/bin/bin/../../lib/gcc/pic32mx/4.8.3/../../../../pic32mx/lib/libpic32.a(defaultinterrupt.o)

.debug_str      0x00000000      0x1c4
 *.elf(.debug_str)
 *(.debug_str)
 .debug_str     0x00000000       0x10 build/default/production/_ext/1865657120/plib_uart1.o
 .debug_str     0x00000010      0x169 build/default/production/_ext/869808652/drv_usart.o
 .debug_str     0x00000179        0x0 build/default/production/_ext/1360937237/main.o
 .debug_str     0x00000179       0x25 build/default/production/_ext/1171490990/initialization.o
 .debug_str     0x0000019e        0x0 build/default/production/_ext/1171490990/interrupts.o
 .debug_str     0x0000019e        0x0 build/default/production/_ext/1171490990/exceptions.o
 .debug_str     0x0000019e        0x0 build/default/production/_ext/163028504/xc32_monitor.o
 .debug_str     0x0000019e        0x0 build/default/production/_ext/60165520/plib_clk.o
 .debug_str     0x0000019e        0xa build/default/production/_ext/1865254177/plib_gpio.o
 .debug_str     0x000001a8        0x7 build/default/production/_ext/1865200349/plib_evic.o
 .debug_str     0x000001af        0x0 build/default/production/_ext/1881668453/sys_int.o
 .debug_str     0x000001af        0x8 build/default/production/_ext/14461671/sys_dma.o
 .debug_str     0x000001b7        0xd build/default/production/_ext/1360937237/app.o
 .debug_str     0x000001c4        0x0 build/default/production/_ext/1171490990/tasks.o
 .debug_str     0x000001c4        0x0 /Applications/microchip/xc32/v2.50/bin/bin/../../lib/gcc/pic32mx/4.8.3/../../../../pic32mx/lib/libpic32.a(default-on-reset.o)
 .debug_str     0x000001c4        0x0 /Applications/microchip/xc32/v2.50/bin/bin/../../lib/gcc/pic32mx/4.8.3/../../../../pic32mx/lib/libpic32.a(default-on-bootstrap.o)
 .debug_str     0x000001c4        0x0 /Applications/microchip/xc32/v2.50/bin/bin/../../lib/gcc/pic32mx/4.8.3/../../../../pic32mx/lib/libpic32.a(defaultinterrupt.o)

.debug_loc      0x00000000     0x1c5c
 *.elf(.debug_loc)
 *(.debug_loc)
 .debug_loc     0x00000000      0x392 build/default/production/_ext/1865657120/plib_uart1.o
 .debug_loc     0x00000392     0x15fb build/default/production/_ext/869808652/drv_usart.o
 .debug_loc     0x0000198d       0x21 build/default/production/_ext/1171490990/initialization.o
 .debug_loc     0x000019ae      0x129 build/default/production/_ext/1865254177/plib_gpio.o
 .debug_loc     0x00001ad7       0xc4 build/default/production/_ext/1865200349/plib_evic.o
 .debug_loc     0x00001b9b       0xc1 build/default/production/_ext/1881668453/sys_int.o

.debug_macinfo
 *.elf(.debug_macinfo)
 *(.debug_macinfo)

.debug_weaknames
 *.elf(.debug_weaknames)
 *(.debug_weaknames)

.debug_funcnames
 *.elf(.debug_funcnames)
 *(.debug_funcnames)

.debug_typenames
 *.elf(.debug_typenames)
 *(.debug_typenames)

.debug_varnames
 *.elf(.debug_varnames)
 *(.debug_varnames)

.debug_pubtypes
 *.elf(.debug_pubtypes)
 *(.debug_pubtypes)

.debug_ranges   0x00000000      0x3a0
 *.elf(.debug_ranges)
 *(.debug_ranges)
 .debug_ranges  0x00000000       0x90 build/default/production/_ext/1865657120/plib_uart1.o
 .debug_ranges  0x00000090      0x160 build/default/production/_ext/869808652/drv_usart.o
 .debug_ranges  0x000001f0       0x10 build/default/production/_ext/1360937237/main.o
 .debug_ranges  0x00000200       0x10 build/default/production/_ext/1171490990/initialization.o
 .debug_ranges  0x00000210       0x10 build/default/production/_ext/1171490990/interrupts.o
 .debug_ranges  0x00000220       0x18 build/default/production/_ext/1171490990/exceptions.o
 .debug_ranges  0x00000238       0x18 build/default/production/_ext/163028504/xc32_monitor.o
 .debug_ranges  0x00000250       0x10 build/default/production/_ext/60165520/plib_clk.o
 .debug_ranges  0x00000260       0x50 build/default/production/_ext/1865254177/plib_gpio.o
 .debug_ranges  0x000002b0       0x40 build/default/production/_ext/1865200349/plib_evic.o
 .debug_ranges  0x000002f0       0x30 build/default/production/_ext/1881668453/sys_int.o
 .debug_ranges  0x00000320       0x20 build/default/production/_ext/14461671/sys_dma.o
 .debug_ranges  0x00000340       0x20 build/default/production/_ext/1360937237/app.o
 .debug_ranges  0x00000360       0x10 build/default/production/_ext/1171490990/tasks.o
 .debug_ranges  0x00000370       0x10 /Applications/microchip/xc32/v2.50/bin/bin/../../lib/gcc/pic32mx/4.8.3/../../../../pic32mx/lib/libpic32.a(default-on-reset.o)
 .debug_ranges  0x00000380       0x10 /Applications/microchip/xc32/v2.50/bin/bin/../../lib/gcc/pic32mx/4.8.3/../../../../pic32mx/lib/libpic32.a(default-on-bootstrap.o)
 .debug_ranges  0x00000390       0x10 /Applications/microchip/xc32/v2.50/bin/bin/../../lib/gcc/pic32mx/4.8.3/../../../../pic32mx/lib/libpic32.a(defaultinterrupt.o)

.gnu.attributes
                0x00000000       0x10
 *(.gnu.attributes)
 .gnu.attributes
                0x00000000       0x10 build/default/production/_ext/1865657120/plib_uart1.o
 .gnu.attributes
                0x00000010       0x10 build/default/production/_ext/869808652/drv_usart.o
 .gnu.attributes
                0x00000020       0x10 build/default/production/_ext/1360937237/main.o
 .gnu.attributes
                0x00000030       0x10 build/default/production/_ext/1171490990/initialization.o
 .gnu.attributes
                0x00000040       0x10 build/default/production/_ext/1171490990/interrupts.o
 .gnu.attributes
                0x00000050       0x10 build/default/production/_ext/1171490990/exceptions.o
 .gnu.attributes
                0x00000060       0x10 build/default/production/_ext/163028504/xc32_monitor.o
 .gnu.attributes
                0x00000070       0x10 build/default/production/_ext/60165520/plib_clk.o
 .gnu.attributes
                0x00000080       0x10 build/default/production/_ext/1865254177/plib_gpio.o
 .gnu.attributes
                0x00000090       0x10 build/default/production/_ext/1865200349/plib_evic.o
 .gnu.attributes
                0x000000a0       0x10 build/default/production/_ext/1881668453/sys_int.o
 .gnu.attributes
                0x000000b0       0x10 build/default/production/_ext/14461671/sys_dma.o
 .gnu.attributes
                0x000000c0       0x10 build/default/production/_ext/1360937237/app.o
 .gnu.attributes
                0x000000d0       0x10 build/default/production/_ext/1171490990/tasks.o
 .gnu.attributes
                0x000000e0       0x10 /Applications/microchip/xc32/v2.50/bin/bin/../../lib/gcc/pic32mx/4.8.3/../../../../pic32mx/lib/libpic32.a(default-on-reset.o)
 .gnu.attributes
                0x000000f0       0x10 /Applications/microchip/xc32/v2.50/bin/bin/../../lib/gcc/pic32mx/4.8.3/../../../../pic32mx/lib/libpic32.a(default-on-bootstrap.o)
 .gnu.attributes
                0x00000100       0x10 /Applications/microchip/xc32/v2.50/bin/bin/../../lib/gcc/pic32mx/4.8.3/../../../../pic32mx/lib/libpic32.a(defaultinterrupt.o)
                0x00000200                _min_heap_size = 0x200
LOAD /var/folders/xv/v1flr2693k32qg7v7rslsw_h0000gn/T//ccPiPXOL.o
LOAD /var/folders/xv/v1flr2693k32qg7v7rslsw_h0000gn/T//ccgykqAw.o
LOAD /var/folders/xv/v1flr2693k32qg7v7rslsw_h0000gn/T//ccNJM4Xj.o
LOAD /Applications/microchip/xc32/v2.50/bin/bin/../../lib/gcc/pic32mx/4.8.3/../../../../pic32mx/lib/./proc/32MX220F032B/default_isr_vectors.o
LOAD /Applications/microchip/xc32/v2.50/bin/bin/../../lib/gcc/pic32mx/4.8.3/../../../../pic32mx/lib/pic32_software_reset.o
LOAD /Applications/microchip/xc32/v2.50/bin/bin/../../lib/gcc/pic32mx/4.8.3/libgcc.a
START GROUP
LOAD /Applications/microchip/xc32/v2.50/bin/bin/../../lib/gcc/pic32mx/4.8.3/../../../../pic32mx/lib/libpic32.a
LOAD /Applications/microchip/xc32/v2.50/bin/bin/../../lib/gcc/pic32mx/4.8.3/../../../../pic32mx/lib/libdebug.a
LOAD /Applications/microchip/xc32/v2.50/bin/bin/../../lib/gcc/pic32mx/4.8.3/../../../../pic32mx/lib/libpic32.a
LOAD /Applications/microchip/xc32/v2.50/bin/bin/../../lib/gcc/pic32mx/4.8.3/../../../../pic32mx/lib/libc.a
LOAD /Applications/microchip/xc32/v2.50/bin/bin/../../lib/gcc/pic32mx/4.8.3/../../../../pic32mx/lib/libc.a
LOAD /Applications/microchip/xc32/v2.50/bin/bin/../../lib/gcc/pic32mx/4.8.3/../../../../pic32mx/lib/libm.a
LOAD /Applications/microchip/xc32/v2.50/bin/bin/../../lib/gcc/pic32mx/4.8.3/../../../../pic32mx/lib/libe.a
LOAD /Applications/microchip/xc32/v2.50/bin/bin/../../lib/gcc/pic32mx/4.8.3/../../../../pic32mx/lib/libdsp.a
LOAD /Applications/microchip/xc32/v2.50/bin/bin/../../lib/gcc/pic32mx/4.8.3/libgcc.a
LOAD /Applications/microchip/xc32/v2.50/bin/bin/../../lib/gcc/pic32mx/4.8.3/../../../../pic32mx/lib/libpic32.a
END GROUP
LOAD /Applications/microchip/xc32/v2.50/bin/bin/../../lib/gcc/pic32mx/4.8.3/libgcc.a
OUTPUT(dist/default/production/serial_test.X.production.elf elf32-tradlittlemips)
LOAD stack
LOAD data_init

.reginfo        0x00000000       0x18
 .reginfo       0x00000000       0x18 /Applications/microchip/xc32/v2.50/bin/bin/../../lib/gcc/pic32mx/4.8.3/../../../../pic32mx/lib/debug-exception-return.o

.stack          0xa00003a8      0x400
 .stack         0xa00003a8      0x400 stack

.bss            0xa000004c      0x140
 .bss           0xa000004c       0xe0 build/default/production/_ext/1171490990/initialization.o
 .bss           0xa000012c       0x60 build/default/production/_ext/869808652/drv_usart.o

._debug_exception
                0xbfc00480       0x2c
 ._debug_exception
                0xbfc00480       0x2c /Applications/microchip/xc32/v2.50/bin/bin/../../lib/gcc/pic32mx/4.8.3/../../../../pic32mx/lib/debug-exception-return.o
                0xbfc00480                __DbgExecReturn

.text.UART_1_InterruptHandler
                0x9d000780      0x264
 .text.UART_1_InterruptHandler
                0x9d000780      0x264 build/default/production/_ext/1865657120/plib_uart1.o
                0x9d000780                UART_1_InterruptHandler

.text.APP_Tasks
                0x9d0009e4      0x25c
 .text.APP_Tasks
                0x9d0009e4      0x25c build/default/production/_ext/1360937237/app.o
                0x9d0009e4                APP_Tasks

.text._DRV_USART_BufferAdd
                0x9d000c40      0x218
 .text._DRV_USART_BufferAdd
                0x9d000c40      0x218 build/default/production/_ext/869808652/drv_usart.o

.text._DRV_USART_BufferQueueTask
                0x9d000e58      0x1ac
 .text._DRV_USART_BufferQueueTask
                0x9d000e58      0x1ac build/default/production/_ext/869808652/drv_usart.o

.text.DRV_USART_Initialize
                0x9d001004      0x194
 .text.DRV_USART_Initialize
                0x9d001004      0x194 build/default/production/_ext/869808652/drv_usart.o
                0x9d001004                DRV_USART_Initialize

.text.DRV_USART_Open
                0x9d001198      0x184
 .text.DRV_USART_Open
                0x9d001198      0x184 build/default/production/_ext/869808652/drv_usart.o
                0x9d001198                DRV_USART_Open

.text._DRV_USART_ResourceLock
                0x9d00131c      0x14c
 .text._DRV_USART_ResourceLock
                0x9d00131c      0x14c build/default/production/_ext/869808652/drv_usart.o

.text._DRV_USART_ResourceUnlock
                0x9d001468      0x12c
 .text._DRV_USART_ResourceUnlock
                0x9d001468      0x12c build/default/production/_ext/869808652/drv_usart.o

.text.UART1_SerialSetup
                0x9d001594      0x128
 .text.UART1_SerialSetup
                0x9d001594      0x128 build/default/production/_ext/1865657120/plib_uart1.o
                0x9d001594                UART1_SerialSetup

.text.UART_1_Handler
                0x9d0016bc      0x110
 .text.UART_1_Handler
                0x9d0016bc      0x110 build/default/production/_ext/1171490990/interrupts.o
                0x9d0016bc                UART_1_Handler

.text.general_exception
                0x9d0017cc       0xdc
 .text.general_exception
                0x9d0017cc       0xdc /Applications/microchip/xc32/v2.50/bin/bin/../../lib/gcc/pic32mx/4.8.3/../../../../pic32mx/lib/libpic32.a(general-exception.o)
                0x9d0017cc                _general_exception_context

.rodata         0x9d0018a8       0xc4
 .rodata        0x9d0018a8       0xc4 build/default/production/_ext/1171490990/initialization.o
                0x9d0018a8                drvUsart0InitData
                0x9d0018e0                drvUSART0InterruptSources
                0x9d0018fc                drvUsart0remapError
                0x9d001908                drvUsart0remapStopBits
                0x9d001914                drvUsart0remapParity
                0x9d00192c                drvUsart0remapDataWidth
                0x9d001940                drvUsart0PlibAPI

.text.UART1_Write
                0x9d00196c       0xb0
 .text.UART1_Write
                0x9d00196c       0xb0 build/default/production/_ext/1865657120/plib_uart1.o
                0x9d00196c                UART1_Write

.rodata         0x9d001a1c       0x9c
 .rodata        0x9d001a1c       0x9c build/default/production/_ext/1360937237/app.o

.text._DRV_USART_ReadSubmit
                0x9d001ab8       0x90
 .text._DRV_USART_ReadSubmit
                0x9d001ab8       0x90 build/default/production/_ext/869808652/drv_usart.o

.text.UART1_ErrorGet
                0x9d001b48       0x88
 .text.UART1_ErrorGet
                0x9d001b48       0x88 build/default/production/_ext/1865657120/plib_uart1.o
                0x9d001b48                UART1_ErrorGet

.text.UART1_Initialize
                0x9d001bd0       0x84
 .text.UART1_Initialize
                0x9d001bd0       0x84 build/default/production/_ext/1865657120/plib_uart1.o
                0x9d001bd0                UART1_Initialize

.text.DRV_USART_BufferEventHandlerSet
                0x9d001c54       0x84
 .text.DRV_USART_BufferEventHandlerSet
                0x9d001c54       0x84 build/default/production/_ext/869808652/drv_usart.o
                0x9d001c54                DRV_USART_BufferEventHandlerSet

.text           0x9d001cd8       0x84
 .text          0x9d001cd8       0x84 /Applications/microchip/xc32/v2.50/bin/bin/../../lib/gcc/pic32mx/4.8.3/../../../../pic32mx/lib/libpic32.a(pic32_data_init.o)
                0x9d001cd8                __pic32_data_init

.text.UART1_Read
                0x9d001d5c       0x80
 .text.UART1_Read
                0x9d001d5c       0x80 build/default/production/_ext/1865657120/plib_uart1.o
                0x9d001d5c                UART1_Read

.text._DRV_USART_DriverHandleValidate
                0x9d001ddc       0x78
 .text._DRV_USART_DriverHandleValidate
                0x9d001ddc       0x78 build/default/production/_ext/869808652/drv_usart.o

.text.SYS_Initialize
                0x9d001e54       0x78
 .text.SYS_Initialize
                0x9d001e54       0x78 build/default/production/_ext/1171490990/initialization.o
                0x9d001e54                SYS_Initialize

.text._DRV_USART_WriteSubmit
                0x9d001ecc       0x74
 .text._DRV_USART_WriteSubmit
                0x9d001ecc       0x74 build/default/production/_ext/869808652/drv_usart.o

.text.GPIO_Initialize
                0x9d001f40       0x6c
 .text.GPIO_Initialize
                0x9d001f40       0x6c build/default/production/_ext/1865254177/plib_gpio.o
                0x9d001f40                GPIO_Initialize

.text._DRV_USART_RX_PLIB_CallbackHandler
                0x9d001fac       0x5c
 .text._DRV_USART_RX_PLIB_CallbackHandler
                0x9d001fac       0x5c build/default/production/_ext/869808652/drv_usart.o

.text.CLK_Initialize
                0x9d002008       0x5c
 .text.CLK_Initialize
                0x9d002008       0x5c build/default/production/_ext/60165520/plib_clk.o
                0x9d002008                CLK_Initialize

.text.SYS_INT_SourceDisable
                0x9d002064       0x58
 .text.SYS_INT_SourceDisable
                0x9d002064       0x58 build/default/production/_ext/1881668453/sys_int.o
                0x9d002064                SYS_INT_SourceDisable

.text.main_entry
                0x9d0020bc       0x54
 .text.main_entry
                0x9d0020bc       0x54 /var/folders/xv/v1flr2693k32qg7v7rslsw_h0000gn/T//ccPiPXOL.o
                0x9d0020f0                __crt0_exit

.vector_default
                0x9d002110       0x48
 .vector_default
                0x9d002110       0x48 /Applications/microchip/xc32/v2.50/bin/bin/../../lib/gcc/pic32mx/4.8.3/../../../../pic32mx/lib/libpic32.a(defaultinterrupt.o)
                0x9d002110                _DefaultInterrupt

.text           0x9d002158       0x44
 .text          0x9d002158       0x44 /Applications/microchip/xc32/v2.50/bin/bin/../../lib/gcc/pic32mx/4.8.3/../../../../pic32mx/lib/pic32_software_reset.o
                0x9d002158                __pic32_software_reset

.dinit          0x9d00219c       0x40
 .dinit         0x9d00219c       0x40 data_init

.text.UART1_ReadAbort
                0x9d0021dc       0x3c
 .text.UART1_ReadAbort
                0x9d0021dc       0x3c build/default/production/_ext/1865657120/plib_uart1.o
                0x9d0021dc                UART1_ReadAbort

.text.APP_USARTBufferEventHandler
                0x9d002218       0x3c
 .text.APP_USARTBufferEventHandler
                0x9d002218       0x3c build/default/production/_ext/1360937237/app.o

.text._DRV_USART_RemoveTransferObjFromList
                0x9d002254       0x38
 .text._DRV_USART_RemoveTransferObjFromList
                0x9d002254       0x38 build/default/production/_ext/869808652/drv_usart.o

.text.EVIC_SourceEnable
                0x9d00228c       0x28
 .text.EVIC_SourceEnable
                0x9d00228c       0x28 build/default/production/_ext/1865200349/plib_evic.o
                0x9d00228c                EVIC_SourceEnable

.text.EVIC_SourceDisable
                0x9d0022b4       0x28
 .text.EVIC_SourceDisable
                0x9d0022b4       0x28 build/default/production/_ext/1865200349/plib_evic.o
                0x9d0022b4                EVIC_SourceDisable

.text.SYS_INT_SourceRestore
                0x9d0022dc       0x28
 .text.SYS_INT_SourceRestore
                0x9d0022dc       0x28 build/default/production/_ext/1881668453/sys_int.o
                0x9d0022dc                SYS_INT_SourceRestore

.text._DRV_USART_TX_PLIB_CallbackHandler
                0x9d002304       0x24
 .text._DRV_USART_TX_PLIB_CallbackHandler
                0x9d002304       0x24 build/default/production/_ext/869808652/drv_usart.o

.text._general_exception_handler
                0x9d002328       0x24
 .text._general_exception_handler
                0x9d002328       0x24 build/default/production/_ext/1171490990/exceptions.o
                0x9d002328                _general_exception_handler

.text._bootstrap_exception_handler
                0x9d00234c       0x24
 .text._bootstrap_exception_handler
                0x9d00234c       0x24 build/default/production/_ext/1171490990/exceptions.o
                0x9d00234c                _bootstrap_exception_handler

.text.EVIC_SourceIsEnabled
                0x9d002370       0x24
 .text.EVIC_SourceIsEnabled
                0x9d002370       0x24 build/default/production/_ext/1865200349/plib_evic.o
                0x9d002370                EVIC_SourceIsEnabled

.text.SYS_INT_Restore
                0x9d002394       0x24
 .text.SYS_INT_Restore
                0x9d002394       0x24 build/default/production/_ext/1881668453/sys_int.o
                0x9d002394                SYS_INT_Restore

.text.DRV_USART_WriteBufferAdd
                0x9d0023b8       0x20
 .text.DRV_USART_WriteBufferAdd
                0x9d0023b8       0x20 build/default/production/_ext/869808652/drv_usart.o
                0x9d0023b8                DRV_USART_WriteBufferAdd

.text.main      0x9d0023d8       0x20
 .text.main     0x9d0023d8       0x20 build/default/production/_ext/1360937237/main.o
                0x9d0023d8                main

.text.EVIC_Initialize
                0x9d0023f8       0x20
 .text.EVIC_Initialize
                0x9d0023f8       0x20 build/default/production/_ext/1865200349/plib_evic.o
                0x9d0023f8                EVIC_Initialize

.text.SYS_INT_Disable
                0x9d002418       0x20
 .text.SYS_INT_Disable
                0x9d002418       0x20 build/default/production/_ext/1881668453/sys_int.o
                0x9d002418                SYS_INT_Disable

.text.APP_Initialize
                0x9d002438       0x20
 .text.APP_Initialize
                0x9d002438       0x20 build/default/production/_ext/1360937237/app.o
                0x9d002438                APP_Initialize

.text.DRV_USART_ReadBufferAdd
                0x9d002458       0x1c
 .text.DRV_USART_ReadBufferAdd
                0x9d002458       0x1c build/default/production/_ext/869808652/drv_usart.o
                0x9d002458                DRV_USART_ReadBufferAdd

.text.SYS_Tasks
                0x9d002474       0x1c
 .text.SYS_Tasks
                0x9d002474       0x1c build/default/production/_ext/1171490990/tasks.o
                0x9d002474                SYS_Tasks

.text           0x9d002490       0x18
 .text          0x9d002490       0x18 /Applications/microchip/xc32/v2.50/bin/bin/../../lib/gcc/pic32mx/4.8.3/../../../../pic32mx/lib/libpic32.a(default-nmi-handler.o)
                0x9d002490                _nmi_handler

.text.UART1_ReadCallbackRegister
                0x9d0024a8       0x14
 .text.UART1_ReadCallbackRegister
                0x9d0024a8       0x14 build/default/production/_ext/1865657120/plib_uart1.o
                0x9d0024a8                UART1_ReadCallbackRegister

.text.UART1_WriteCallbackRegister
                0x9d0024bc       0x14
 .text.UART1_WriteCallbackRegister
                0x9d0024bc       0x14 build/default/production/_ext/1865657120/plib_uart1.o
                0x9d0024bc                UART1_WriteCallbackRegister

.text.UART1_ReadIsBusy
                0x9d0024d0        0xc
 .text.UART1_ReadIsBusy
                0x9d0024d0        0xc build/default/production/_ext/1865657120/plib_uart1.o
                0x9d0024d0                UART1_ReadIsBusy

.text.UART1_ReadCountGet
                0x9d0024dc        0xc
 .text.UART1_ReadCountGet
                0x9d0024dc        0xc build/default/production/_ext/1865657120/plib_uart1.o
                0x9d0024dc                UART1_ReadCountGet

.text.UART1_WriteIsBusy
                0x9d0024e8        0xc
 .text.UART1_WriteIsBusy
                0x9d0024e8        0xc build/default/production/_ext/1865657120/plib_uart1.o
                0x9d0024e8                UART1_WriteIsBusy

.text.UART1_WriteCountGet
                0x9d0024f4        0xc
 .text.UART1_WriteCountGet
                0x9d0024f4        0xc build/default/production/_ext/1865657120/plib_uart1.o
                0x9d0024f4                UART1_WriteCountGet

.text.SYS_DMA_AddressingModeSetup
                0x9d002500        0x8
 .text.SYS_DMA_AddressingModeSetup
                0x9d002500        0x8 build/default/production/_ext/14461671/sys_dma.o
                0x9d002500                SYS_DMA_AddressingModeSetup

.text.SYS_DMA_DataWidthSetup
                0x9d002508        0x8
 .text.SYS_DMA_DataWidthSetup
                0x9d002508        0x8 build/default/production/_ext/14461671/sys_dma.o
                0x9d002508                SYS_DMA_DataWidthSetup

.text.SYS_DMA_ChannelTransfer
                0x9d002510        0x8
 .text.SYS_DMA_ChannelTransfer
                0x9d002510        0x8 build/default/production/_ext/14461671/sys_dma.o
                0x9d002510                SYS_DMA_ChannelTransfer

.text._on_reset
                0x9d002518        0x8
 .text._on_reset
                0x9d002518        0x8 /Applications/microchip/xc32/v2.50/bin/bin/../../lib/gcc/pic32mx/4.8.3/../../../../pic32mx/lib/libpic32.a(default-on-reset.o)
                0x9d002518                _on_reset

.text._on_bootstrap
                0x9d002520        0x8
 .text._on_bootstrap
                0x9d002520        0x8 /Applications/microchip/xc32/v2.50/bin/bin/../../lib/gcc/pic32mx/4.8.3/../../../../pic32mx/lib/libpic32.a(default-on-bootstrap.o)
                0x9d002520                _on_bootstrap
